MPLINK 4.49, Linker
Linker Map File - Created Sat Apr 29 08:34:30 2023

                                 Section Info
                  Section       Type    Address   Location Size(Bytes)
                ---------  ---------  ---------  ---------  ---------
                   .org_0       code   0x000000    program   0x000000
                   .org_1       code   0x000000    program   0x000014



                              Program Memory Usage 
                               Start         End      
                           ---------   ---------      
                            0x000000    0x000009      
            10 out of 1094 program addresses used, program memory utilization is 0%



                              Symbols - Sorted by Name
                     Name    Address   Location    Storage File                     
                ---------  ---------  ---------  --------- ---------                
                   Inicio   0x000000    program     static C:\Users\usuario\Desktop\trabajos de proteus\PROGRAMAS DE MPLAB\MULTIPLICAR.asm
                Principal   0x000005    program     static C:\Users\usuario\Desktop\trabajos de proteus\PROGRAMAS DE MPLAB\MULTIPLICAR.asm



                              Symbols - Sorted by Address
                     Name    Address   Location    Storage File                     
                ---------  ---------  ---------  --------- ---------                
                   Inicio   0x000000    program     static C:\Users\usuario\Desktop\trabajos de proteus\PROGRAMAS DE MPLAB\MULTIPLICAR.asm
                Principal   0x000005    program     static C:\Users\usuario\Desktop\trabajos de proteus\PROGRAMAS DE MPLAB\MULTIPLICAR.asm


